PASS table_exists_online_sensorium_run_manifest_v03: observed=True expected=exists
PASS table_exists_online_clock_tick_v03: observed=True expected=exists
PASS table_exists_online_preneural_tick_state_v03: observed=True expected=exists
PASS table_exists_online_origin_anchor_tick_v03: observed=True expected=exists
PASS table_exists_online_latent_trajectory_tick_v03: observed=True expected=exists
PASS table_exists_online_o_candidate_tick_v03: observed=True expected=exists
PASS table_exists_online_p_support_tick_v03: observed=True expected=exists
PASS table_exists_online_r_counterstructure_tick_v03: observed=True expected=exists
PASS table_exists_online_xi_boundary_tick_v03: observed=True expected=exists
PASS table_exists_online_feedback_tick_v03: observed=True expected=exists
PASS table_exists_full_replay_scenario_v03: observed=True expected=exists
PASS table_exists_full_replay_event_buffer_v03: observed=True expected=exists
PASS table_exists_full_replay_pr_response_v03: observed=True expected=exists
PASS table_exists_full_replay_result_v03: observed=True expected=exists
PASS table_exists_full_replay_source_integrity_v03: observed=True expected=exists
PASS table_exists_online_sensorium_acceptance_report_v03: observed=True expected=exists
PASS table_exists_online_sensorium_artifact_manifest_v03: observed=True expected=exists
PASS manifest_exists: observed=present expected=present
PASS execution_mode: observed=diagnostic_append_only_online_sensorium_full_replay expected=diagnostic_append_only_online_sensorium_full_replay
PASS not_scientific_run: observed=0 expected=0
PASS semantic_labels_disallowed: observed=0 expected=0
PASS system_clock_source: observed=system_clock_entry expected=system_clock_entry
PASS clock_tick_matches_clock_count: observed=10 expected=10
PASS source_fact_counts_unchanged_manifest: observed={'before': {'cell_spatial_coordinate_snapshot': 500, 'information_fiber': 500, 'information_relative_coordinate_snapshot': 1500, 'raw_event_stream': 1500, 'spacetime_cell': 500, 'system_clock_entry': 10}, 'after': {'cell_spatial_coordinate_snapshot': 500, 'information_fiber': 500, 'information_relative_coordinate_snapshot': 1500, 'raw_event_stream': 1500, 'spacetime_cell': 500, 'system_clock_entry': 10}} expected=same
PASS live_source_counts_match_after: observed={'spacetime_cell': 500, 'information_fiber': 500, 'raw_event_stream': 1500, 'cell_spatial_coordinate_snapshot': 500, 'information_relative_coordinate_snapshot': 1500, 'system_clock_entry': 10} expected={'cell_spatial_coordinate_snapshot': 500, 'information_fiber': 500, 'information_relative_coordinate_snapshot': 1500, 'raw_event_stream': 1500, 'spacetime_cell': 500, 'system_clock_entry': 10}
PASS online_preneural_states_positive: observed=500 expected=>0
PASS online_trajectory_ticks_positive: observed=50 expected=>0
PASS P_support_exists: observed=50 expected=>0
PASS R_counter_exists: observed=15 expected=>0
PASS Xi_guard_exists: observed=50 expected=>0
PASS replay_scenarios_enough: observed=9 expected=>=9
PASS replay_events_present: observed=13500 expected=>= raw events * 9
PASS pr_boundary_asserted: observed=P/R remains before Xi; Xi direct_to_p/direct_to_r is forbidden expected=contains P/R remains before Xi
PASS no_xi_direct_to_p: observed=all direct_to_p_allowed=0 expected=0 allowed
PASS no_xi_direct_to_r: observed=all direct_to_r_allowed=0 expected=0 allowed
PASS R_not_Xi_residue: observed=15 expected=all R rows forbid Xi equivalence
PASS source_integrity_all_unchanged: observed=all unchanged expected=0 changed
PASS replay_buffer_no_source_rewrite: observed=all replay rows source_fact_rewritten=0 expected=0
PASS baseline_passed: observed={'result_id': 'rres_9772bb8906d7ba06f9', 'scenario_id': 'rscn_fea2b5c213065ab6ac', 'scenario_name': 'baseline', 'replay_event_count': 1500, 'p_stability_mean': 0.9556096244736949, 'r_counter_rate_mean': 0.0, 'xi_mass_mean': 0.16024592855617453, 'phase_coherence_mean': 0.7533868026316382, 'hidden_detection_contrast': 0.0, 'cell_id_invariant_score': 0.0, 'physics_signal_nonuniformity': 0.0, 'source_fact_rewrite_count': 0, 'passed': 1, 'pass_reason': 'baseline online replay remains stable', 'created_at': '2026-04-30T12:51:47+00:00'} expected=passed
PASS noise_05_passed: observed={'result_id': 'rres_6bde7baedd981c2e9b', 'scenario_id': 'rscn_82318f0a9c554f01c1', 'scenario_name': 'noise_05', 'replay_event_count': 1500, 'p_stability_mean': 0.9324114001820046, 'r_counter_rate_mean': 0.0, 'xi_mass_mean': 0.1770023220663083, 'phase_coherence_mean': 0.7533565110519282, 'hidden_detection_contrast': 0.0, 'cell_id_invariant_score': 0.0, 'physics_signal_nonuniformity': 0.0, 'source_fact_rewrite_count': 0, 'passed': 1, 'pass_reason': 'low-noise replay preserves P/R without collapse', 'created_at': '2026-04-30T12:51:47+00:00'} expected=passed
PASS noise_10_passed: observed={'result_id': 'rres_d462806f782be4229b', 'scenario_id': 'rscn_572cb0e3349da3b2f5', 'scenario_name': 'noise_10', 'replay_event_count': 1500, 'p_stability_mean': 0.909994784990212, 'r_counter_rate_mean': 0.0, 'xi_mass_mean': 0.19323380483503017, 'phase_coherence_mean': 0.7527607234775715, 'hidden_detection_contrast': 0.0, 'cell_id_invariant_score': 0.0, 'physics_signal_nonuniformity': 0.0, 'source_fact_rewrite_count': 0, 'passed': 1, 'pass_reason': 'low-noise replay preserves P/R without collapse', 'created_at': '2026-04-30T12:51:47+00:00'} expected=passed
PASS noise_20_passed: observed={'result_id': 'rres_5f7d3df4624954345e', 'scenario_id': 'rscn_d7938247210f9c03d0', 'scenario_name': 'noise_20', 'replay_event_count': 1500, 'p_stability_mean': 0.8599248437513747, 'r_counter_rate_mean': 0.0, 'xi_mass_mean': 0.22954432333799502, 'phase_coherence_mean': 0.7506336624073467, 'hidden_detection_contrast': 0.0, 'cell_id_invariant_score': 0.0, 'physics_signal_nonuniformity': 0.0, 'source_fact_rewrite_count': 0, 'passed': 1, 'pass_reason': 'high-noise replay raises Xi/R pressure without crashing', 'created_at': '2026-04-30T12:51:47+00:00'} expected=passed
PASS noise_30_passed: observed={'result_id': 'rres_ff222b7080671e69df', 'scenario_id': 'rscn_9035f05aac860d758d', 'scenario_name': 'noise_30', 'replay_event_count': 1500, 'p_stability_mean': 0.809298035352907, 'r_counter_rate_mean': 0.00848026048026048, 'xi_mass_mean': 0.2660231219967406, 'phase_coherence_mean': 0.7518480539332684, 'hidden_detection_contrast': 0.0, 'cell_id_invariant_score': 0.0, 'physics_signal_nonuniformity': 0.0, 'source_fact_rewrite_count': 0, 'passed': 1, 'pass_reason': 'high-noise replay raises Xi/R pressure without crashing', 'created_at': '2026-04-30T12:51:47+00:00'} expected=passed
PASS xi_increases_with_noise: observed={'noise_05': 0.1770023220663083, 'noise_30': 0.2660231219967406} expected=noise_30 > noise_05
PASS low_noise_p_stable: observed=0.909994784990212 expected=>0.68
PASS hidden_structure_passed: observed={'result_id': 'rres_af1765e28e35e55625', 'scenario_id': 'rscn_654746ba62e6e683e4', 'scenario_name': 'hidden_structure_lowfreq', 'replay_event_count': 1500, 'p_stability_mean': 0.5235674521057438, 'r_counter_rate_mean': 0.03496296296296296, 'xi_mass_mean': 0.47229278674278674, 'phase_coherence_mean': 0.7531525116985769, 'hidden_detection_contrast': 0.7137387808341373, 'cell_id_invariant_score': 0.0, 'physics_signal_nonuniformity': 0.0, 'source_fact_rewrite_count': 0, 'passed': 1, 'pass_reason': 'hidden structure detected as new_P_candidate', 'created_at': '2026-04-30T12:51:47+00:00'} expected=passed
PASS hidden_contrast_positive: observed=0.7137387808341373 expected=>0.45
PASS cell_id_permutation_passed: observed={'result_id': 'rres_12da02ab14da0c65e3', 'scenario_id': 'rscn_728d0557ccf671d9b8', 'scenario_name': 'cell_id_permutation', 'replay_event_count': 1500, 'p_stability_mean': 0.9556096244736949, 'r_counter_rate_mean': 0.0, 'xi_mass_mean': 0.16024592855617453, 'phase_coherence_mean': 0.7533868026316382, 'hidden_detection_contrast': 0.0, 'cell_id_invariant_score': 0.97, 'physics_signal_nonuniformity': 0.0, 'source_fact_rewrite_count': 0, 'passed': 1, 'pass_reason': 'trajectory response invariant to identifier permutation', 'created_at': '2026-04-30T12:51:47+00:00'} expected=passed
PASS cell_id_invariant_high: observed=0.97 expected=>0.90
PASS phase_shift_passed: observed={'result_id': 'rres_47da36eb44ec85e218', 'scenario_id': 'rscn_af36cfd8f9a07981b1', 'scenario_name': 'cross_modal_phase_shift', 'replay_event_count': 1500, 'p_stability_mean': 0.22806052907547003, 'r_counter_rate_mean': 0.3333333333333333, 'xi_mass_mean': 0.7886338123319799, 'phase_coherence_mean': 0.7114473837526111, 'hidden_detection_contrast': 0.0, 'cell_id_invariant_score': 0.0, 'physics_signal_nonuniformity': 0.0, 'source_fact_rewrite_count': 0, 'passed': 1, 'pass_reason': 'cross-modal phase lag produces detectable R/Xi pressure', 'created_at': '2026-04-30T12:51:47+00:00'} expected=passed
PASS physics_swap_passed: observed={'result_id': 'rres_ef5a2b0e37dd1dc753', 'scenario_id': 'rscn_1bb9f9530492b10f4b', 'scenario_name': 'physics_swap_MET_proxy', 'replay_event_count': 1500, 'p_stability_mean': 0.12024779849644687, 'r_counter_rate_mean': 0.9720993080993081, 'xi_mass_mean': 0.8084257351975612, 'phase_coherence_mean': 0.11248776942470462, 'hidden_detection_contrast': 0.0, 'cell_id_invariant_score': 0.0, 'physics_signal_nonuniformity': 29.23287825375262, 'source_fact_rewrite_count': 0, 'passed': 1, 'pass_reason': 'MET proxy produces nonuniform signal; downstream P/R/Xi replay runs without source rewrite', 'created_at': '2026-04-30T12:51:47+00:00'} expected=passed
PASS physics_swap_nonuniform: observed=29.23287825375262 expected=>0.5
PASS online_p_ticks_cover_o_ticks: observed={'P': 50, 'O': 50} expected=P = O
PASS online_clock_ordered: observed=distinct ticks match expected=clock count
PASS artifact_manifest_present: observed=5 expected=>=4
PASS stored_acceptance_all_pass: observed=55/55 expected=all pass
online_sensorium_v0.3 acceptance: 56/56 PASS
