PASS sqlite_integrity_ok
PASS table_exists_external_lab_run_manifest_v06
PASS table_exists_source_fact_digest_v06
PASS table_exists_system_id_feature_matrix_v06
PASS table_exists_system_id_parameter_profile_v06
PASS table_exists_system_id_iteration_trace_v06
PASS table_exists_active_inference_free_energy_trace_v06
PASS table_exists_parameter_sensitivity_report_v06
PASS table_exists_decision_note_v06
PASS table_exists_adoption_guard_v06
PASS table_exists_external_lab_acceptance_report_v06
PASS table_exists_external_lab_artifact_manifest_v06
PASS manifest_single_run
PASS feature_rows_nonzero
PASS train_and_holdout_present
PASS profiles_recorded
PASS candidate_not_adopted
PASS decision_requires_human_review
PASS source_digests_pass
PASS guards_active
PASS p_r_before_xi_guard
PASS free_energy_rows_match_features
PASS sensitivity_rows_match_features
PASS internal_acceptance_all_pass
PASS fitted_train_loss_below_baseline
PASS fitted_holdout_loss_reasonable
SUMMARY 26/26 PASS
