PASS table_exists_neuromorphic_run_manifest_v05: observed=True expected=exists
PASS table_exists_preneural_device_model_registry_v05: observed=True expected=exists
PASS table_exists_preneural_synaptic_edge_v05: observed=True expected=exists
PASS table_exists_device_edge_tick_state_v05: observed=True expected=exists
PASS table_exists_memristive_plasticity_update_v05: observed=True expected=exists
PASS table_exists_neuromorphic_event_projection_v05: observed=True expected=exists
PASS table_exists_preneural_membrane_state_v05: observed=True expected=exists
PASS table_exists_device_pr_evidence_v05: observed=True expected=exists
PASS table_exists_device_neutral_replay_result_v05: observed=True expected=exists
PASS table_exists_neuromorphic_boundary_contract_v05: observed=True expected=exists
PASS table_exists_neuromorphic_acceptance_report_v05: observed=True expected=exists
PASS table_exists_neuromorphic_artifact_manifest_v05: observed=True expected=exists
PASS manifest_exists: observed=present expected=present
PASS execution_mode: observed=diagnostic_append_only_device_neutral_preneural_edge expected=diagnostic_append_only_device_neutral_preneural_edge
PASS not_scientific_run: observed=0 expected=0
PASS no_hardware_claim: observed=0 expected=0
PASS clock_source: observed=system_clock_entry expected=system_clock_entry
PASS source_fact_counts_unchanged: observed={'before': {'cell_spatial_coordinate_snapshot': 500, 'information_fiber': 500, 'information_relative_coordinate_snapshot': 1500, 'raw_event_stream': 1500, 'spacetime_cell': 500, 'system_clock_entry': 10}, 'after': {'cell_spatial_coordinate_snapshot': 500, 'information_fiber': 500, 'information_relative_coordinate_snapshot': 1500, 'raw_event_stream': 1500, 'spacetime_cell': 500, 'system_clock_entry': 10}} expected=same
PASS live_source_counts_match_manifest: observed={'spacetime_cell': 500, 'information_fiber': 500, 'raw_event_stream': 1500, 'cell_spatial_coordinate_snapshot': 500, 'information_relative_coordinate_snapshot': 1500, 'system_clock_entry': 10} expected={'cell_spatial_coordinate_snapshot': 500, 'information_fiber': 500, 'information_relative_coordinate_snapshot': 1500, 'raw_event_stream': 1500, 'spacetime_cell': 500, 'system_clock_entry': 10}
PASS device_model_count_four: observed=4 expected=4
PASS synaptic_edges_match_foam_edges: observed=1470 expected=1470
PASS edge_tick_matches_synaptic: observed=1470 expected== synaptic_edge_count
PASS plasticity_matches_edges: observed=1470 expected== edge_tick_state_count
PASS event_projection_matches_met_events: observed=400 expected=400
PASS membrane_states_match_preneural_nodes: observed=500 expected=500
PASS pr_evidence_matches_online_p: observed=50 expected=50
PASS replay_results_present: observed=10 expected=>=10
PASS pr_xi_boundary_asserted: observed=P/R remains canonical before Xi; simulated device evidence cannot create P/R/Xi directly expected=contains P/R remains
PASS device_models_named: observed=['ideal_memristive_edge', 'noisy_rram_like_edge', 'volatile_memristive_edge', 'oect_ionic_edge'] expected=four required models
PASS all_models_simulated_only: observed=all simulated expected=simulated_only=1
PASS all_models_have_noise_or_memory: observed=valid expected=valid params
PASS hardware_forbidden_claims_present: observed=forbidden claims expected=>=4
PASS synaptic_edges_use_all_device_models: observed=['ideal_memristive_edge', 'noisy_rram_like_edge', 'oect_ionic_edge', 'volatile_memristive_edge'] expected=4 models
PASS synaptic_edges_use_multiple_foam_edge_types: observed=['membrane_contact', 'foam_crosslink', 'contractile_spoke'] expected=>=3 foam edge types
PASS conductance_in_positive_range: observed=(0.48505130744007574, 0.7626115214328383, 0.6118879877701594) expected=0..1.31
PASS conductance_nonuniform: observed=(0.48505130744007574, 0.7626115214328383, 0.6118879877701594) expected=range > 0.15
PASS memory_state_in_unit_range: observed=(0.3448424205556069, 0.7485599134348101, 0.5158174429706526) expected=0 <= min <= max <= 1
PASS memory_state_nonuniform: observed=(0.3448424205556069, 0.7485599134348101, 0.5158174429706526) expected=range > 0.10
PASS edge_current_has_signed_or_nonzero_response: observed=(-0.5966102871122851, 0.5885869950104342, 0.42856345803578233) expected=avg abs >0.02
PASS plasticity_has_potentiation_and_depression: observed=(-0.011274284055400562, 0.09757340704761949, 0.04509371044288334) expected=min<0 and max>0
PASS bounded_updates_applied: observed=all bounded expected=bounded_update_applied=1
PASS projection_confidence_positive: observed=0.8268296304032131 expected=>0.55
PASS projection_no_source_rewrite: observed=0 expected=0
PASS projection_signal_nonzero: observed=0.26381572158912764 expected=>0.02
PASS membrane_activation_in_unit_range: observed=(0.6361244186499858, 0.7786401509609807, 0.715930776444936) expected=0..1
PASS membrane_activation_nonuniform: observed=(0.6361244186499858, 0.7786401509609807, 0.715930776444936) expected=range >0.03
PASS membrane_uncertainty_in_unit_range: observed=(0.16454216457673776, 0.21856067429374676) expected=0..1
PASS device_no_direct_p_creation: observed=all zero expected=0
PASS device_no_direct_r_creation: observed=all zero expected=0
PASS device_no_direct_xi_creation: observed=all zero expected=0
PASS device_evidence_has_effect_diversity: observed=['evidence_supports_existing_P', 'evidence_ambiguous_no_direct_conversion'] expected=>=2 effects
PASS device_adjustments_bounded: observed=(0.038863743508032456, 0.08138102039231748) expected=within +/-0.15
PASS replay_scenarios_count: observed=10 expected=>=10
PASS all_replay_scenarios_pass: observed={'baseline_device': 1, 'read_noise_10': 1, 'read_noise_30': 1, 'write_noise_30': 1, 'retention_loss': 1, 'edge_stuck_on': 1, 'edge_stuck_off': 1, 'oect_slow_ionic': 1, 'rram_burst_noise': 1, 'device_model_swap_all_ideal': 1} expected=all passed
PASS replay_no_source_rewrite: observed=all zero expected=0
PASS noise_raises_xi_pressure: observed={'10': 0.15, '30': 0.25} expected=30 > 10
PASS noise_lowers_p_stability: observed={'10': 0.7471848334396541, '30': 0.6507738871893762} expected=30 < 10
PASS retention_loss_reduces_memory: observed={'baseline': 0.5158174429706526, 'retention_loss': 0.26822507034473936} expected=retention loss < baseline
PASS stuck_on_fault_raises_counter: observed=0.39 expected=>0.30
PASS stuck_off_fault_raises_xi: observed=0.48 expected=>0.40
PASS boundary_contract_no_hardware_truth_claim: observed=['no_hardware_truth_claim', 'no_source_fact_rewrite', 'p_r_before_xi', 'no_direct_device_to_p', 'no_direct_device_to_r', 'no_direct_device_to_xi', 'topdown_gain_only', 'semantic_label_free'] expected=contains no_hardware_truth_claim
PASS boundary_contract_no_source_fact_rewrite: observed=['no_hardware_truth_claim', 'no_source_fact_rewrite', 'p_r_before_xi', 'no_direct_device_to_p', 'no_direct_device_to_r', 'no_direct_device_to_xi', 'topdown_gain_only', 'semantic_label_free'] expected=contains no_source_fact_rewrite
PASS boundary_contract_p_r_before_xi: observed=['no_hardware_truth_claim', 'no_source_fact_rewrite', 'p_r_before_xi', 'no_direct_device_to_p', 'no_direct_device_to_r', 'no_direct_device_to_xi', 'topdown_gain_only', 'semantic_label_free'] expected=contains p_r_before_xi
PASS boundary_contract_no_direct_device_to_p: observed=['no_hardware_truth_claim', 'no_source_fact_rewrite', 'p_r_before_xi', 'no_direct_device_to_p', 'no_direct_device_to_r', 'no_direct_device_to_xi', 'topdown_gain_only', 'semantic_label_free'] expected=contains no_direct_device_to_p
PASS boundary_contract_no_direct_device_to_r: observed=['no_hardware_truth_claim', 'no_source_fact_rewrite', 'p_r_before_xi', 'no_direct_device_to_p', 'no_direct_device_to_r', 'no_direct_device_to_xi', 'topdown_gain_only', 'semantic_label_free'] expected=contains no_direct_device_to_r
PASS boundary_contract_no_direct_device_to_xi: observed=['no_hardware_truth_claim', 'no_source_fact_rewrite', 'p_r_before_xi', 'no_direct_device_to_p', 'no_direct_device_to_r', 'no_direct_device_to_xi', 'topdown_gain_only', 'semantic_label_free'] expected=contains no_direct_device_to_xi
PASS boundary_contract_semantic_label_free: observed=['no_hardware_truth_claim', 'no_source_fact_rewrite', 'p_r_before_xi', 'no_direct_device_to_p', 'no_direct_device_to_r', 'no_direct_device_to_xi', 'topdown_gain_only', 'semantic_label_free'] expected=contains semantic_label_free
PASS contracts_active: observed=all active expected=active
PASS v03_no_xi_direct_to_p: observed=all zero expected=0
PASS v03_no_xi_direct_to_r: observed=all zero expected=0
PASS v022_no_xi_direct_to_p: observed=all zero expected=0
PASS v022_no_xi_direct_to_r: observed=all zero expected=0
PASS artifact_manifest_present: observed=2 expected=>=2
PASS stored_acceptance_all_pass: observed=73/73 expected=all pass
device_neutral_preneural_edge_v0.5 acceptance: 74/74 PASS
