DB: v85_full_diagnostic_run.db
[PASS] integrity_check: [('ok',)]
[PASS] v853_manifest_present: [(1,)]
[PASS] not_scientific_run: [(0,)]
[PASS] five_perturbations_recorded: [(5,)]
[PASS] all_effects_passed: [(0,)]
[PASS] counterfactual_acceptance_passed: [(0,)]
[PASS] signal_shuffle_entropy_increases: [(0.056715122511040605,)]
[PASS] geometry_shift_cost_increases: [(0.20000000000000007,)]
[PASS] boundary_flip_rejection_increases: [(0.15000000000000002,)]
[PASS] masking_injection_o_support_decreases: [(-0.09999999999999998,)]
[PASS] xi_pressure_increases: [(0.2,)]
[PASS] transport_cost_matrix_exported: [(9,)]
[PASS] object_evidence_terms_exported: [(18,)]
[PASS] xi_residual_mass_exported: [(4,)]
{
  "passed": 14,
  "total": 14,
  "failed": []
}

--- STDERR ---
