PASS sqlite_integrity_ok
PASS table_exists_candidate_adoption_run_manifest_v07
PASS table_exists_candidate_profile_review_v07
PASS table_exists_real_data_calibration_source_v07
PASS table_exists_real_data_calibration_sample_v07
PASS table_exists_real_data_calibration_mapping_v07
PASS table_exists_real_data_calibration_result_v07
PASS table_exists_candidate_adoption_gate_v07
PASS table_exists_candidate_patch_manifest_v07
PASS table_exists_source_fact_digest_v07
PASS table_exists_shell0_lineage_audit_v07
PASS table_exists_shell0_resolution_probe_v07
PASS table_exists_shell0_adjudication_v07
PASS table_exists_candidate_adoption_acceptance_report_v07
PASS table_exists_candidate_adoption_artifact_manifest_v07
PASS manifest_single_run
PASS candidate_profile_review_single
PASS candidate_improves_holdout
PASS patch_manifest_single
PASS patch_not_auto_apply
PASS calibration_source_present
PASS calibration_samples_present
PASS calibration_mappings_match_samples
PASS calibration_result_present
PASS calibration_fixture_blocks_auto
PASS gates_recorded
PASS shell0_lineage_audited
PASS shell0_probes_recorded
PASS shell0_adjudication_present
PASS shell0_mixed_or_resolved
PASS shell0_blocks_auto_when_unresolved
PASS source_fact_digests_pass
PASS final_decision_staged
PASS p_r_before_xi_gate_present
PASS real_data_gate_blocks_or_passes
PASS stored_acceptance_all_pass
PASS artifact_manifest_present
PASS previous_layer_present_external_lab_run_manifest_v06
PASS previous_layer_present_device_edge_tick_state_v05
PASS previous_layer_present_matrix_foam_replay_result_v04
PASS previous_layer_present_full_replay_result_v03
PASS previous_layer_present_p_predictive_support_v022
PASS previous_layer_present_xi_boundary_guard_v022
SUMMARY 43/43 PASS
